{
  "Resources": {
    "gohandlerdockerServiceRole70394790": {
      "Type": "AWS::IAM::Role",
      "Properties": {
        "AssumeRolePolicyDocument": {
          "Statement": [
            {
              "Action": "sts:AssumeRole",
              "Effect": "Allow",
              "Principal": {
                "Service": "lambda.amazonaws.com"
              }
            }
          ],
          "Version": "2012-10-17"
        },
        "ManagedPolicyArns": [
          {
            "Fn::Join": [
              "",
              [
                "arn:",
                {
                  "Ref": "AWS::Partition"
                },
                ":iam::aws:policy/service-role/AWSLambdaBasicExecutionRole"
              ]
            ]
          }
        ]
      }
    },
    "gohandlerdockerAE04F1B8": {
      "Type": "AWS::Lambda::Function",
      "Properties": {
        "Code": {
          "S3Bucket": {
            "Fn::Sub": "cdk-hnb659fds-assets-${AWS::AccountId}-${AWS::Region}"
          },
          "S3Key": "4702fc8f2fac1855e6700e59222ef0ebbeaf11eba75c66af9f2e216e312b16b1.zip"
        },
        "Role": {
          "Fn::GetAtt": [
            "gohandlerdockerServiceRole70394790",
            "Arn"
          ]
        },
        "Handler": "bootstrap",
        "Runtime": "provided.al2"
      },
      "DependsOn": [
        "gohandlerdockerServiceRole70394790"
      ]
    }
  }
}