{
  "Resources": {
    "DummyResourceF3AB250A": {
      "Type": "AWS::IAM::User"
    }
  }
}