{
  "Outputs": {
    "S3BucketName": {
      "Value": {
        "Fn::Sub": "cdk-hnb659fds-assets-${AWS::AccountId}-${AWS::Region}"
      }
    },
    "S3ObjectKey": {
      "Value": "6b84b87243a4a01c592d78e1fd3855c4bfef39328cd0a450cc97e81717fea2a2.zip"
    },
    "S3HttpURL": {
      "Value": {
        "Fn::Sub": "https://s3.${AWS::Region}.${AWS::URLSuffix}/cdk-hnb659fds-assets-${AWS::AccountId}-${AWS::Region}/6b84b87243a4a01c592d78e1fd3855c4bfef39328cd0a450cc97e81717fea2a2.zip"
      }
    },
    "S3ObjectURL": {
      "Value": {
        "Fn::Sub": "s3://cdk-hnb659fds-assets-${AWS::AccountId}-${AWS::Region}/6b84b87243a4a01c592d78e1fd3855c4bfef39328cd0a450cc97e81717fea2a2.zip"
      }
    }
  },
  "Resources": {
    "MyUserDC45028B": {
      "Type": "AWS::IAM::User"
    },
    "MyUserDefaultPolicy7B897426": {
      "Type": "AWS::IAM::Policy",
      "Properties": {
        "PolicyDocument": {
          "Statement": [
            {
              "Action": [
                "s3:GetObject*",
                "s3:GetBucket*",
                "s3:List*"
              ],
              "Effect": "Allow",
              "Resource": [
                {
                  "Fn::Join": [
                    "",
                    [
                      "arn:",
                      {
                        "Ref": "AWS::Partition"
                      },
                      ":s3:::",
                      {
                        "Fn::Sub": "cdk-hnb659fds-assets-${AWS::AccountId}-${AWS::Region}"
                      }
                    ]
                  ]
                },
                {
                  "Fn::Join": [
                    "",
                    [
                      "arn:",
                      {
                        "Ref": "AWS::Partition"
                      },
                      ":s3:::",
                      {
                        "Fn::Sub": "cdk-hnb659fds-assets-${AWS::AccountId}-${AWS::Region}"
                      },
                      "/*"
                    ]
                  ]
                }
              ]
            }
          ],
          "Version": "2012-10-17"
        },
        "PolicyName": "MyUserDefaultPolicy7B897426",
        "Users": [
          {
            "Ref": "MyUserDC45028B"
          }
        ]
      }
    }
  }
}