{
  "Resources": {
    "functionServiceRoleEF216095": {
      "Type": "AWS::IAM::Role",
      "Properties": {
        "AssumeRolePolicyDocument": {
          "Statement": [
            {
              "Action": "sts:AssumeRole",
              "Effect": "Allow",
              "Principal": {
                "Service": "lambda.amazonaws.com"
              }
            }
          ],
          "Version": "2012-10-17"
        },
        "ManagedPolicyArns": [
          {
            "Fn::Join": [
              "",
              [
                "arn:",
                {
                  "Ref": "AWS::Partition"
                },
                ":iam::aws:policy/service-role/AWSLambdaBasicExecutionRole"
              ]
            ]
          }
        ]
      }
    },
    "functionF19B1A04": {
      "Type": "AWS::Lambda::Function",
      "Properties": {
        "Code": {
          "S3Bucket": {
            "Fn::Sub": "cdk-hnb659fds-assets-${AWS::AccountId}-${AWS::Region}"
          },
          "S3Key": "e6fadc5eeabdb3ea6ecd571e8ec74e7943cd34cd4ec9d46d0506a200e6163a93.zip"
        },
        "Role": {
          "Fn::GetAtt": [
            "functionServiceRoleEF216095",
            "Arn"
          ]
        },
        "Handler": "index.handler",
        "Runtime": "python2.7"
      },
      "DependsOn": [
        "functionServiceRoleEF216095"
      ]
    }
  },
  "Outputs": {
    "Function": {
      "Value": {
        "Ref": "functionF19B1A04"
      }
    }
  }
}