{
  "Resources": {
    "myhandlerServiceRole77891068": {
      "Type": "AWS::IAM::Role",
      "Properties": {
        "AssumeRolePolicyDocument": {
          "Statement": [
            {
              "Action": "sts:AssumeRole",
              "Effect": "Allow",
              "Principal": {
                "Service": "lambda.amazonaws.com"
              }
            }
          ],
          "Version": "2012-10-17"
        },
        "ManagedPolicyArns": [
          {
            "Fn::Join": [
              "",
              [
                "arn:",
                {
                  "Ref": "AWS::Partition"
                },
                ":iam::aws:policy/service-role/AWSLambdaBasicExecutionRole"
              ]
            ]
          }
        ]
      }
    },
    "myhandlerD202FA8E": {
      "Type": "AWS::Lambda::Function",
      "Properties": {
        "Code": {
          "S3Bucket": {
            "Fn::Sub": "cdk-hnb659fds-assets-${AWS::AccountId}-${AWS::Region}"
          },
          "S3Key": "29cd01a5fe529da311cdec40c163fb1c04b1b3dc8caadff0ea696fb6e63610fe.zip"
        },
        "Role": {
          "Fn::GetAtt": [
            "myhandlerServiceRole77891068",
            "Arn"
          ]
        },
        "Handler": "index.handler",
        "Runtime": "python3.8"
      },
      "DependsOn": [
        "myhandlerServiceRole77891068"
      ]
    }
  },
  "Outputs": {
    "FunctionArn": {
      "Value": {
        "Fn::GetAtt": [
          "myhandlerD202FA8E",
          "Arn"
        ]
      }
    }
  }
}