{
  "Resources": {
    "ChildStack": {
      "Type": "AWS::CloudFormation::Stack",
      "Properties": {
        "TemplateURL": {
          "Fn::Join": [
            "",
            [
              "https://s3.",
              {
                "Ref": "AWS::Region"
              },
              ".",
              {
                "Ref": "AWS::URLSuffix"
              },
              "/",
              {
                "Fn::Sub": "cdk-hnb659fds-assets-${AWS::AccountId}-${AWS::Region}"
              },
              "/5dc7d4a99cfe2979687dc74f2db9fd75f253b5505a1912b5ceecf70c9aefba50.json"
            ]
          ]
        },
        "Parameters": {
          "MyBucketParameter": "some-magic-bucket-name"
        }
      }
    }
  }
}