{
  "Resources": {
    "MyHttpApi8AEAAC21": {
      "Type": "AWS::ApiGatewayV2::Api",
      "Properties": {
        "Name": "MyHttpApi",
        "ProtocolType": "HTTP"
      }
    },
    "MyHttpApiDefaultStageDCB9BC49": {
      "Type": "AWS::ApiGatewayV2::Stage",
      "Properties": {
        "ApiId": {
          "Ref": "MyHttpApi8AEAAC21"
        },
        "StageName": "$default",
        "AutoDeploy": true
      }
    },
    "MyHttpApiGETAuthorizerIntegMyHttpApiGET16D02385PermissionBB02EBFE": {
      "Type": "AWS::Lambda::Permission",
      "Properties": {
        "Action": "lambda:InvokeFunction",
        "FunctionName": {
          "Fn::GetAtt": [
            "lambda8B5974B5",
            "Arn"
          ]
        },
        "Principal": "apigateway.amazonaws.com",
        "SourceArn": {
          "Fn::Join": [
            "",
            [
              "arn:",
              {
                "Ref": "AWS::Partition"
              },
              ":execute-api:",
              {
                "Ref": "AWS::Region"
              },
              ":",
              {
                "Ref": "AWS::AccountId"
              },
              ":",
              {
                "Ref": "MyHttpApi8AEAAC21"
              },
              "/*/*/"
            ]
          ]
        }
      }
    },
    "MyHttpApiGETHttpIntegration6f095b8469365f72e33fa33d9711b140516EBE31": {
      "Type": "AWS::ApiGatewayV2::Integration",
      "Properties": {
        "ApiId": {
          "Ref": "MyHttpApi8AEAAC21"
        },
        "IntegrationType": "AWS_PROXY",
        "IntegrationUri": {
          "Fn::GetAtt": [
            "lambda8B5974B5",
            "Arn"
          ]
        },
        "PayloadFormatVersion": "2.0"
      }
    },
    "MyHttpApiGETE0EFC6F8": {
      "Type": "AWS::ApiGatewayV2::Route",
      "Properties": {
        "ApiId": {
          "Ref": "MyHttpApi8AEAAC21"
        },
        "RouteKey": "GET /",
        "AuthorizationType": "CUSTOM",
        "AuthorizerId": {
          "Ref": "MyHttpApimysimpleauthorizer98398C16"
        },
        "Target": {
          "Fn::Join": [
            "",
            [
              "integrations/",
              {
                "Ref": "MyHttpApiGETHttpIntegration6f095b8469365f72e33fa33d9711b140516EBE31"
              }
            ]
          ]
        }
      }
    },
    "MyHttpApimysimpleauthorizer98398C16": {
      "Type": "AWS::ApiGatewayV2::Authorizer",
      "Properties": {
        "ApiId": {
          "Ref": "MyHttpApi8AEAAC21"
        },
        "AuthorizerType": "REQUEST",
        "IdentitySource": [
          "$request.header.X-API-Key"
        ],
        "Name": "my-simple-authorizer",
        "AuthorizerPayloadFormatVersion": "2.0",
        "AuthorizerResultTtlInSeconds": 300,
        "AuthorizerUri": {
          "Fn::Join": [
            "",
            [
              "arn:",
              {
                "Ref": "AWS::Partition"
              },
              ":apigateway:",
              {
                "Ref": "AWS::Region"
              },
              ":lambda:path/2015-03-31/functions/",
              {
                "Fn::GetAtt": [
                  "authfunction96361832",
                  "Arn"
                ]
              },
              "/invocations"
            ]
          ]
        },
        "EnableSimpleResponses": true
      }
    },
    "MyHttpApiAuthorizerIntegMyHttpApimysimpleauthorizer0F14A472PermissionF37EF5C8": {
      "Type": "AWS::Lambda::Permission",
      "Properties": {
        "Action": "lambda:InvokeFunction",
        "FunctionName": {
          "Fn::GetAtt": [
            "authfunction96361832",
            "Arn"
          ]
        },
        "Principal": "apigateway.amazonaws.com",
        "SourceArn": {
          "Fn::Join": [
            "",
            [
              "arn:",
              {
                "Ref": "AWS::Partition"
              },
              ":execute-api:",
              {
                "Ref": "AWS::Region"
              },
              ":",
              {
                "Ref": "AWS::AccountId"
              },
              ":",
              {
                "Ref": "MyHttpApi8AEAAC21"
              },
              "/authorizers/",
              {
                "Ref": "MyHttpApimysimpleauthorizer98398C16"
              }
            ]
          ]
        }
      }
    },
    "authfunctionServiceRoleFCB72198": {
      "Type": "AWS::IAM::Role",
      "Properties": {
        "AssumeRolePolicyDocument": {
          "Statement": [
            {
              "Action": "sts:AssumeRole",
              "Effect": "Allow",
              "Principal": {
                "Service": "lambda.amazonaws.com"
              }
            }
          ],
          "Version": "2012-10-17"
        },
        "ManagedPolicyArns": [
          {
            "Fn::Join": [
              "",
              [
                "arn:",
                {
                  "Ref": "AWS::Partition"
                },
                ":iam::aws:policy/service-role/AWSLambdaBasicExecutionRole"
              ]
            ]
          }
        ]
      }
    },
    "authfunction96361832": {
      "Type": "AWS::Lambda::Function",
      "Properties": {
        "Code": {
          "S3Bucket": {
            "Fn::Sub": "cdk-hnb659fds-assets-${AWS::AccountId}-${AWS::Region}"
          },
          "S3Key": "7f2fe4e4fa40a84f0f773203f5c5fdaac31c80ce42c5185ed2659a049db03043.zip"
        },
        "Role": {
          "Fn::GetAtt": [
            "authfunctionServiceRoleFCB72198",
            "Arn"
          ]
        },
        "Handler": "index.handler",
        "Runtime": "nodejs14.x"
      },
      "DependsOn": [
        "authfunctionServiceRoleFCB72198"
      ]
    },
    "lambdaServiceRole494E4CA6": {
      "Type": "AWS::IAM::Role",
      "Properties": {
        "AssumeRolePolicyDocument": {
          "Statement": [
            {
              "Action": "sts:AssumeRole",
              "Effect": "Allow",
              "Principal": {
                "Service": "lambda.amazonaws.com"
              }
            }
          ],
          "Version": "2012-10-17"
        },
        "ManagedPolicyArns": [
          {
            "Fn::Join": [
              "",
              [
                "arn:",
                {
                  "Ref": "AWS::Partition"
                },
                ":iam::aws:policy/service-role/AWSLambdaBasicExecutionRole"
              ]
            ]
          }
        ]
      }
    },
    "lambda8B5974B5": {
      "Type": "AWS::Lambda::Function",
      "Properties": {
        "Code": {
          "S3Bucket": {
            "Fn::Sub": "cdk-hnb659fds-assets-${AWS::AccountId}-${AWS::Region}"
          },
          "S3Key": "1fd1c15cb7d5e2e36a11745fd10b4b7c3ca8eb30642b41954630413d2b913cda.zip"
        },
        "Role": {
          "Fn::GetAtt": [
            "lambdaServiceRole494E4CA6",
            "Arn"
          ]
        },
        "Handler": "index.handler",
        "Runtime": "nodejs12.x"
      },
      "DependsOn": [
        "lambdaServiceRole494E4CA6"
      ]
    }
  },
  "Outputs": {
    "URL": {
      "Value": {
        "Fn::Join": [
          "",
          [
            "https://",
            {
              "Ref": "MyHttpApi8AEAAC21"
            },
            ".execute-api.",
            {
              "Ref": "AWS::Region"
            },
            ".",
            {
              "Ref": "AWS::URLSuffix"
            },
            "/"
          ]
        ]
      }
    }
  }
}