{
  "Resources": {
    "MyUserDC45028B": {
      "Type": "AWS::IAM::User"
    },
    "MyUserDefaultPolicy7B897426": {
      "Type": "AWS::IAM::Policy",
      "Properties": {
        "PolicyDocument": {
          "Statement": [
            {
              "Action": [
                "ecr:BatchCheckLayerAvailability",
                "ecr:GetDownloadUrlForLayer",
                "ecr:BatchGetImage"
              ],
              "Effect": "Allow",
              "Resource": {
                "Fn::Join": [
                  "",
                  [
                    "arn:",
                    {
                      "Ref": "AWS::Partition"
                    },
                    ":ecr:",
                    {
                      "Ref": "AWS::Region"
                    },
                    ":",
                    {
                      "Ref": "AWS::AccountId"
                    },
                    ":repository/",
                    {
                      "Fn::Sub": "cdk-hnb659fds-container-assets-${AWS::AccountId}-${AWS::Region}"
                    }
                  ]
                ]
              }
            },
            {
              "Action": "ecr:GetAuthorizationToken",
              "Effect": "Allow",
              "Resource": "*"
            }
          ],
          "Version": "2012-10-17"
        },
        "PolicyName": "MyUserDefaultPolicy7B897426",
        "Users": [
          {
            "Ref": "MyUserDC45028B"
          }
        ]
      }
    }
  },
  "Outputs": {
    "ImageUri": {
      "Value": {
        "Fn::Sub": "${AWS::AccountId}.dkr.ecr.${AWS::Region}.${AWS::URLSuffix}/cdk-hnb659fds-container-assets-${AWS::AccountId}-${AWS::Region}:b2c69bfbfe983b634456574587443159b3b7258849856a118ad3d2772238f1a5"
      }
    }
  }
}