{
  "Resources": {
    "nestedstackwithimageNestedStacknestedstackwithimageNestedStackResourceDF784FD5": {
      "Type": "AWS::CloudFormation::Stack",
      "Properties": {
        "TemplateURL": {
          "Fn::Join": [
            "",
            [
              "https://s3.",
              {
                "Ref": "AWS::Region"
              },
              ".",
              {
                "Ref": "AWS::URLSuffix"
              },
              "/",
              {
                "Fn::Sub": "cdk-hnb659fds-assets-${AWS::AccountId}-${AWS::Region}"
              },
              "/dd4d20ba9cfb8a2ebf511bdc9e1adfee2420a1ea038efba3f84f7e0d0787edcd.json"
            ]
          ]
        }
      },
      "UpdateReplacePolicy": "Delete",
      "DeletionPolicy": "Delete"
    }
  }
}