{
  "Resources": {
    "Destination920A3C57": {
      "Type": "AWS::S3::Bucket",
      "Properties": {
        "WebsiteConfiguration": {
          "IndexDocument": "index.html"
        }
      },
      "UpdateReplacePolicy": "Delete",
      "DeletionPolicy": "Delete"
    },
    "DeployMeAwsCliLayer5F9219E9": {
      "Type": "AWS::Lambda::LayerVersion",
      "Properties": {
        "Content": {
          "S3Bucket": {
            "Fn::Sub": "cdk-hnb659fds-assets-${AWS::AccountId}-${AWS::Region}"
          },
          "S3Key": "e9882ab123687399f934da0d45effe675ecc8ce13b40cb946f3e1d6141fe8d68.zip"
        },
        "Description": "/opt/awscli/aws"
      }
    },
    "DeployMeCustomResource4455EE35": {
      "Type": "Custom::CDKBucketDeployment",
      "Properties": {
        "ServiceToken": {
          "Fn::GetAtt": [
            "CustomCDKBucketDeployment8693BB64968944B69AAFB0CC9EB8756C81C01536",
            "Arn"
          ]
        },
        "SourceBucketNames": [
          {
            "Fn::Sub": "cdk-hnb659fds-assets-${AWS::AccountId}-${AWS::Region}"
          }
        ],
        "SourceObjectKeys": [
          "fc4481abf279255619ff7418faa5d24456fef3432ea0da59c95542578ff0222e.zip"
        ],
        "DestinationBucketName": {
          "Ref": "Destination920A3C57"
        },
        "RetainOnDelete": false,
        "Prune": true
      },
      "UpdateReplacePolicy": "Delete",
      "DeletionPolicy": "Delete"
    },
    "CustomCDKBucketDeployment8693BB64968944B69AAFB0CC9EB8756CServiceRole89A01265": {
      "Type": "AWS::IAM::Role",
      "Properties": {
        "AssumeRolePolicyDocument": {
          "Statement": [
            {
              "Action": "sts:AssumeRole",
              "Effect": "Allow",
              "Principal": {
                "Service": "lambda.amazonaws.com"
              }
            }
          ],
          "Version": "2012-10-17"
        },
        "ManagedPolicyArns": [
          {
            "Fn::Join": [
              "",
              [
                "arn:",
                {
                  "Ref": "AWS::Partition"
                },
                ":iam::aws:policy/service-role/AWSLambdaBasicExecutionRole"
              ]
            ]
          }
        ]
      }
    },
    "CustomCDKBucketDeployment8693BB64968944B69AAFB0CC9EB8756CServiceRoleDefaultPolicy88902FDF": {
      "Type": "AWS::IAM::Policy",
      "Properties": {
        "PolicyDocument": {
          "Statement": [
            {
              "Action": [
                "s3:GetObject*",
                "s3:GetBucket*",
                "s3:List*"
              ],
              "Effect": "Allow",
              "Resource": [
                {
                  "Fn::Join": [
                    "",
                    [
                      "arn:",
                      {
                        "Ref": "AWS::Partition"
                      },
                      ":s3:::",
                      {
                        "Fn::Sub": "cdk-hnb659fds-assets-${AWS::AccountId}-${AWS::Region}"
                      }
                    ]
                  ]
                },
                {
                  "Fn::Join": [
                    "",
                    [
                      "arn:",
                      {
                        "Ref": "AWS::Partition"
                      },
                      ":s3:::",
                      {
                        "Fn::Sub": "cdk-hnb659fds-assets-${AWS::AccountId}-${AWS::Region}"
                      },
                      "/*"
                    ]
                  ]
                }
              ]
            },
            {
              "Action": [
                "s3:GetObject*",
                "s3:GetBucket*",
                "s3:List*",
                "s3:DeleteObject*",
                "s3:PutObject",
                "s3:Abort*"
              ],
              "Effect": "Allow",
              "Resource": [
                {
                  "Fn::GetAtt": [
                    "Destination920A3C57",
                    "Arn"
                  ]
                },
                {
                  "Fn::Join": [
                    "",
                    [
                      {
                        "Fn::GetAtt": [
                          "Destination920A3C57",
                          "Arn"
                        ]
                      },
                      "/*"
                    ]
                  ]
                }
              ]
            },
            {
              "Action": [
                "s3:GetObject*",
                "s3:GetBucket*",
                "s3:List*",
                "s3:DeleteObject*",
                "s3:PutObject",
                "s3:Abort*"
              ],
              "Effect": "Allow",
              "Resource": [
                {
                  "Fn::GetAtt": [
                    "Destination281A09BDF",
                    "Arn"
                  ]
                },
                {
                  "Fn::Join": [
                    "",
                    [
                      {
                        "Fn::GetAtt": [
                          "Destination281A09BDF",
                          "Arn"
                        ]
                      },
                      "/*"
                    ]
                  ]
                }
              ]
            },
            {
              "Action": [
                "s3:GetObject*",
                "s3:GetBucket*",
                "s3:List*",
                "s3:DeleteObject*",
                "s3:PutObject",
                "s3:Abort*"
              ],
              "Effect": "Allow",
              "Resource": [
                {
                  "Fn::GetAtt": [
                    "Destination3E3DC043D",
                    "Arn"
                  ]
                },
                {
                  "Fn::Join": [
                    "",
                    [
                      {
                        "Fn::GetAtt": [
                          "Destination3E3DC043D",
                          "Arn"
                        ]
                      },
                      "/*"
                    ]
                  ]
                }
              ]
            }
          ],
          "Version": "2012-10-17"
        },
        "PolicyName": "CustomCDKBucketDeployment8693BB64968944B69AAFB0CC9EB8756CServiceRoleDefaultPolicy88902FDF",
        "Roles": [
          {
            "Ref": "CustomCDKBucketDeployment8693BB64968944B69AAFB0CC9EB8756CServiceRole89A01265"
          }
        ]
      }
    },
    "CustomCDKBucketDeployment8693BB64968944B69AAFB0CC9EB8756C81C01536": {
      "Type": "AWS::Lambda::Function",
      "Properties": {
        "Code": {
          "S3Bucket": {
            "Fn::Sub": "cdk-hnb659fds-assets-${AWS::AccountId}-${AWS::Region}"
          },
          "S3Key": "c24b999656e4fe6c609c31bae56a1cf4717a405619c3aa6ba1bc686b8c2c86cf.zip"
        },
        "Role": {
          "Fn::GetAtt": [
            "CustomCDKBucketDeployment8693BB64968944B69AAFB0CC9EB8756CServiceRole89A01265",
            "Arn"
          ]
        },
        "Handler": "index.handler",
        "Layers": [
          {
            "Ref": "DeployMeAwsCliLayer5F9219E9"
          }
        ],
        "Runtime": "python3.6",
        "Timeout": 900
      },
      "DependsOn": [
        "CustomCDKBucketDeployment8693BB64968944B69AAFB0CC9EB8756CServiceRoleDefaultPolicy88902FDF",
        "CustomCDKBucketDeployment8693BB64968944B69AAFB0CC9EB8756CServiceRole89A01265"
      ]
    },
    "Destination281A09BDF": {
      "Type": "AWS::S3::Bucket",
      "UpdateReplacePolicy": "Retain",
      "DeletionPolicy": "Retain"
    },
    "DeployWithPrefixAwsCliLayerC9DDB597": {
      "Type": "AWS::Lambda::LayerVersion",
      "Properties": {
        "Content": {
          "S3Bucket": {
            "Fn::Sub": "cdk-hnb659fds-assets-${AWS::AccountId}-${AWS::Region}"
          },
          "S3Key": "e9882ab123687399f934da0d45effe675ecc8ce13b40cb946f3e1d6141fe8d68.zip"
        },
        "Description": "/opt/awscli/aws"
      }
    },
    "DeployWithPrefixCustomResource9CF7C694": {
      "Type": "Custom::CDKBucketDeployment",
      "Properties": {
        "ServiceToken": {
          "Fn::GetAtt": [
            "CustomCDKBucketDeployment8693BB64968944B69AAFB0CC9EB8756C81C01536",
            "Arn"
          ]
        },
        "SourceBucketNames": [
          {
            "Fn::Sub": "cdk-hnb659fds-assets-${AWS::AccountId}-${AWS::Region}"
          }
        ],
        "SourceObjectKeys": [
          "fc4481abf279255619ff7418faa5d24456fef3432ea0da59c95542578ff0222e.zip"
        ],
        "DestinationBucketName": {
          "Ref": "Destination281A09BDF"
        },
        "DestinationBucketKeyPrefix": "deploy/here/",
        "RetainOnDelete": false,
        "Prune": true
      },
      "UpdateReplacePolicy": "Delete",
      "DeletionPolicy": "Delete"
    },
    "Destination3E3DC043D": {
      "Type": "AWS::S3::Bucket",
      "UpdateReplacePolicy": "Retain",
      "DeletionPolicy": "Retain"
    },
    "DeployWithMetadataAwsCliLayer2C774B41": {
      "Type": "AWS::Lambda::LayerVersion",
      "Properties": {
        "Content": {
          "S3Bucket": {
            "Fn::Sub": "cdk-hnb659fds-assets-${AWS::AccountId}-${AWS::Region}"
          },
          "S3Key": "e9882ab123687399f934da0d45effe675ecc8ce13b40cb946f3e1d6141fe8d68.zip"
        },
        "Description": "/opt/awscli/aws"
      }
    },
    "DeployWithMetadataCustomResourceA73C95DC": {
      "Type": "Custom::CDKBucketDeployment",
      "Properties": {
        "ServiceToken": {
          "Fn::GetAtt": [
            "CustomCDKBucketDeployment8693BB64968944B69AAFB0CC9EB8756C81C01536",
            "Arn"
          ]
        },
        "SourceBucketNames": [
          {
            "Fn::Sub": "cdk-hnb659fds-assets-${AWS::AccountId}-${AWS::Region}"
          }
        ],
        "SourceObjectKeys": [
          "fc4481abf279255619ff7418faa5d24456fef3432ea0da59c95542578ff0222e.zip"
        ],
        "DestinationBucketName": {
          "Ref": "Destination3E3DC043D"
        },
        "RetainOnDelete": false,
        "Prune": true,
        "UserMetadata": {
          "a": "aaa",
          "b": "bbb",
          "c": "ccc"
        },
        "SystemMetadata": {
          "cache-control": "public, max-age=60",
          "content-type": "text/html"
        }
      },
      "UpdateReplacePolicy": "Delete",
      "DeletionPolicy": "Delete"
    },
    "DeployMeWithoutDeletingFilesOnDestinationAwsCliLayer4D54C41C": {
      "Type": "AWS::Lambda::LayerVersion",
      "Properties": {
        "Content": {
          "S3Bucket": {
            "Fn::Sub": "cdk-hnb659fds-assets-${AWS::AccountId}-${AWS::Region}"
          },
          "S3Key": "e9882ab123687399f934da0d45effe675ecc8ce13b40cb946f3e1d6141fe8d68.zip"
        },
        "Description": "/opt/awscli/aws"
      }
    },
    "DeployMeWithoutDeletingFilesOnDestinationCustomResourceA390B02B": {
      "Type": "Custom::CDKBucketDeployment",
      "Properties": {
        "ServiceToken": {
          "Fn::GetAtt": [
            "CustomCDKBucketDeployment8693BB64968944B69AAFB0CC9EB8756C81C01536",
            "Arn"
          ]
        },
        "SourceBucketNames": [
          {
            "Fn::Sub": "cdk-hnb659fds-assets-${AWS::AccountId}-${AWS::Region}"
          }
        ],
        "SourceObjectKeys": [
          "fc4481abf279255619ff7418faa5d24456fef3432ea0da59c95542578ff0222e.zip"
        ],
        "DestinationBucketName": {
          "Ref": "Destination920A3C57"
        },
        "RetainOnDelete": false,
        "Prune": false
      },
      "UpdateReplacePolicy": "Delete",
      "DeletionPolicy": "Delete"
    }
  }
}