{
  "Resources": {
    "mytestbucket8DC16178": {
      "Type": "AWS::S3::Bucket",
      "UpdateReplacePolicy": "Retain",
      "DeletionPolicy": "Retain"
    },
    "MyCanaryServiceRole593F9DD9": {
      "Type": "AWS::IAM::Role",
      "Properties": {
        "AssumeRolePolicyDocument": {
          "Statement": [
            {
              "Action": "sts:AssumeRole",
              "Effect": "Allow",
              "Principal": {
                "Service": "lambda.amazonaws.com"
              }
            }
          ],
          "Version": "2012-10-17"
        },
        "Policies": [
          {
            "PolicyDocument": {
              "Statement": [
                {
                  "Action": "s3:ListAllMyBuckets",
                  "Effect": "Allow",
                  "Resource": "*"
                },
                {
                  "Action": [
                    "s3:PutObject",
                    "s3:GetBucketLocation"
                  ],
                  "Effect": "Allow",
                  "Resource": {
                    "Fn::Join": [
                      "",
                      [
                        {
                          "Fn::GetAtt": [
                            "mytestbucket8DC16178",
                            "Arn"
                          ]
                        },
                        "/integ/*"
                      ]
                    ]
                  }
                },
                {
                  "Action": "cloudwatch:PutMetricData",
                  "Condition": {
                    "StringEquals": {
                      "cloudwatch:namespace": "CloudWatchSynthetics"
                    }
                  },
                  "Effect": "Allow",
                  "Resource": "*"
                },
                {
                  "Action": [
                    "logs:CreateLogStream",
                    "logs:CreateLogGroup",
                    "logs:PutLogEvents"
                  ],
                  "Effect": "Allow",
                  "Resource": {
                    "Fn::Join": [
                      "",
                      [
                        "arn:",
                        {
                          "Ref": "AWS::Partition"
                        },
                        ":logs:::*"
                      ]
                    ]
                  }
                }
              ],
              "Version": "2012-10-17"
            },
            "PolicyName": "canaryPolicy"
          }
        ]
      }
    },
    "MyCanary1A94CAFA": {
      "Type": "AWS::Synthetics::Canary",
      "Properties": {
        "ArtifactS3Location": {
          "Fn::Join": [
            "",
            [
              "s3://",
              {
                "Ref": "mytestbucket8DC16178"
              },
              "/integ"
            ]
          ]
        },
        "Code": {
          "Handler": "index.handler",
          "Script": "\n      exports.handler = async () => {\n        console.log('hello world');\n      };"
        },
        "ExecutionRoleArn": {
          "Fn::GetAtt": [
            "MyCanaryServiceRole593F9DD9",
            "Arn"
          ]
        },
        "Name": "canary-integ",
        "RuntimeVersion": "syn-nodejs-2.0",
        "Schedule": {
          "DurationInSeconds": "0",
          "Expression": "rate(1 minute)"
        },
        "StartCanaryAfterCreation": true
      }
    },
    "MyCanaryOneArtifactsBucketDF4A487D": {
      "Type": "AWS::S3::Bucket",
      "Properties": {
        "BucketEncryption": {
          "ServerSideEncryptionConfiguration": [
            {
              "ServerSideEncryptionByDefault": {
                "SSEAlgorithm": "aws:kms"
              }
            }
          ]
        }
      },
      "UpdateReplacePolicy": "Retain",
      "DeletionPolicy": "Retain"
    },
    "MyCanaryOneServiceRole41995561": {
      "Type": "AWS::IAM::Role",
      "Properties": {
        "AssumeRolePolicyDocument": {
          "Statement": [
            {
              "Action": "sts:AssumeRole",
              "Effect": "Allow",
              "Principal": {
                "Service": "lambda.amazonaws.com"
              }
            }
          ],
          "Version": "2012-10-17"
        },
        "Policies": [
          {
            "PolicyDocument": {
              "Statement": [
                {
                  "Action": "s3:ListAllMyBuckets",
                  "Effect": "Allow",
                  "Resource": "*"
                },
                {
                  "Action": [
                    "s3:PutObject",
                    "s3:GetBucketLocation"
                  ],
                  "Effect": "Allow",
                  "Resource": {
                    "Fn::Join": [
                      "",
                      [
                        {
                          "Fn::GetAtt": [
                            "MyCanaryOneArtifactsBucketDF4A487D",
                            "Arn"
                          ]
                        },
                        "/*"
                      ]
                    ]
                  }
                },
                {
                  "Action": "cloudwatch:PutMetricData",
                  "Condition": {
                    "StringEquals": {
                      "cloudwatch:namespace": "CloudWatchSynthetics"
                    }
                  },
                  "Effect": "Allow",
                  "Resource": "*"
                },
                {
                  "Action": [
                    "logs:CreateLogStream",
                    "logs:CreateLogGroup",
                    "logs:PutLogEvents"
                  ],
                  "Effect": "Allow",
                  "Resource": {
                    "Fn::Join": [
                      "",
                      [
                        "arn:",
                        {
                          "Ref": "AWS::Partition"
                        },
                        ":logs:::*"
                      ]
                    ]
                  }
                }
              ],
              "Version": "2012-10-17"
            },
            "PolicyName": "canaryPolicy"
          }
        ]
      }
    },
    "MyCanaryOneEF6A9CB9": {
      "Type": "AWS::Synthetics::Canary",
      "Properties": {
        "ArtifactS3Location": {
          "Fn::Join": [
            "",
            [
              "s3://",
              {
                "Ref": "MyCanaryOneArtifactsBucketDF4A487D"
              }
            ]
          ]
        },
        "Code": {
          "Handler": "canary.handler",
          "S3Bucket": {
            "Fn::Sub": "cdk-hnb659fds-assets-${AWS::AccountId}-${AWS::Region}"
          },
          "S3Key": "5bf46c83158ab3b336aba1449c21b02cbac2ccea621f17d842593bb39e3e529b.zip"
        },
        "ExecutionRoleArn": {
          "Fn::GetAtt": [
            "MyCanaryOneServiceRole41995561",
            "Arn"
          ]
        },
        "Name": "assetcanary-one",
        "RuntimeVersion": "syn-nodejs-2.0",
        "Schedule": {
          "DurationInSeconds": "0",
          "Expression": "rate(5 minutes)"
        },
        "StartCanaryAfterCreation": true
      }
    },
    "MyCanaryTwoArtifactsBucket79B179B6": {
      "Type": "AWS::S3::Bucket",
      "Properties": {
        "BucketEncryption": {
          "ServerSideEncryptionConfiguration": [
            {
              "ServerSideEncryptionByDefault": {
                "SSEAlgorithm": "aws:kms"
              }
            }
          ]
        }
      },
      "UpdateReplacePolicy": "Retain",
      "DeletionPolicy": "Retain"
    },
    "MyCanaryTwoServiceRole041E85D4": {
      "Type": "AWS::IAM::Role",
      "Properties": {
        "AssumeRolePolicyDocument": {
          "Statement": [
            {
              "Action": "sts:AssumeRole",
              "Effect": "Allow",
              "Principal": {
                "Service": "lambda.amazonaws.com"
              }
            }
          ],
          "Version": "2012-10-17"
        },
        "Policies": [
          {
            "PolicyDocument": {
              "Statement": [
                {
                  "Action": "s3:ListAllMyBuckets",
                  "Effect": "Allow",
                  "Resource": "*"
                },
                {
                  "Action": [
                    "s3:PutObject",
                    "s3:GetBucketLocation"
                  ],
                  "Effect": "Allow",
                  "Resource": {
                    "Fn::Join": [
                      "",
                      [
                        {
                          "Fn::GetAtt": [
                            "MyCanaryTwoArtifactsBucket79B179B6",
                            "Arn"
                          ]
                        },
                        "/*"
                      ]
                    ]
                  }
                },
                {
                  "Action": "cloudwatch:PutMetricData",
                  "Condition": {
                    "StringEquals": {
                      "cloudwatch:namespace": "CloudWatchSynthetics"
                    }
                  },
                  "Effect": "Allow",
                  "Resource": "*"
                },
                {
                  "Action": [
                    "logs:CreateLogStream",
                    "logs:CreateLogGroup",
                    "logs:PutLogEvents"
                  ],
                  "Effect": "Allow",
                  "Resource": {
                    "Fn::Join": [
                      "",
                      [
                        "arn:",
                        {
                          "Ref": "AWS::Partition"
                        },
                        ":logs:::*"
                      ]
                    ]
                  }
                }
              ],
              "Version": "2012-10-17"
            },
            "PolicyName": "canaryPolicy"
          }
        ]
      }
    },
    "MyCanaryTwo6501D55F": {
      "Type": "AWS::Synthetics::Canary",
      "Properties": {
        "ArtifactS3Location": {
          "Fn::Join": [
            "",
            [
              "s3://",
              {
                "Ref": "MyCanaryTwoArtifactsBucket79B179B6"
              }
            ]
          ]
        },
        "Code": {
          "Handler": "canary.handler",
          "S3Bucket": {
            "Fn::Sub": "cdk-hnb659fds-assets-${AWS::AccountId}-${AWS::Region}"
          },
          "S3Key": "b1b777dcb79a2fa2790059927207d10bf5f4747d6dd1516e2780726d9d6fa820.zip"
        },
        "ExecutionRoleArn": {
          "Fn::GetAtt": [
            "MyCanaryTwoServiceRole041E85D4",
            "Arn"
          ]
        },
        "Name": "assetcanary-two",
        "RuntimeVersion": "syn-nodejs-2.0",
        "Schedule": {
          "DurationInSeconds": "0",
          "Expression": "rate(5 minutes)"
        },
        "StartCanaryAfterCreation": true
      }
    }
  }
}