{
  "Resources": {
    "NoClientsNoThumbprint8BF1533F": {
      "Type": "Custom::AWSCDKOpenIdConnectProvider",
      "Properties": {
        "ServiceToken": {
          "Fn::GetAtt": [
            "CustomAWSCDKOpenIdConnectProviderCustomResourceProviderHandlerF2C543E0",
            "Arn"
          ]
        },
        "Url": "https://oidc.eks.us-east-1.amazonaws.com/id/test2"
      },
      "UpdateReplacePolicy": "Delete",
      "DeletionPolicy": "Delete"
    },
    "CustomAWSCDKOpenIdConnectProviderCustomResourceProviderRole517FED65": {
      "Type": "AWS::IAM::Role",
      "Properties": {
        "AssumeRolePolicyDocument": {
          "Version": "2012-10-17",
          "Statement": [
            {
              "Action": "sts:AssumeRole",
              "Effect": "Allow",
              "Principal": {
                "Service": "lambda.amazonaws.com"
              }
            }
          ]
        },
        "ManagedPolicyArns": [
          {
            "Fn::Sub": "arn:${AWS::Partition}:iam::aws:policy/service-role/AWSLambdaBasicExecutionRole"
          }
        ],
        "Policies": [
          {
            "PolicyName": "Inline",
            "PolicyDocument": {
              "Version": "2012-10-17",
              "Statement": [
                {
                  "Effect": "Allow",
                  "Resource": "*",
                  "Action": [
                    "iam:CreateOpenIDConnectProvider",
                    "iam:DeleteOpenIDConnectProvider",
                    "iam:UpdateOpenIDConnectProviderThumbprint",
                    "iam:AddClientIDToOpenIDConnectProvider",
                    "iam:RemoveClientIDFromOpenIDConnectProvider"
                  ]
                }
              ]
            }
          }
        ]
      }
    },
    "CustomAWSCDKOpenIdConnectProviderCustomResourceProviderHandlerF2C543E0": {
      "Type": "AWS::Lambda::Function",
      "Properties": {
        "Code": {
          "S3Bucket": {
            "Fn::Sub": "cdk-hnb659fds-assets-${AWS::AccountId}-${AWS::Region}"
          },
          "S3Key": "b7d38dc0eeb2c5d024919020e09d2590b68559eab4a5264c3b1aa7a429d1edd4.zip"
        },
        "Timeout": 900,
        "MemorySize": 128,
        "Handler": "__entrypoint__.handler",
        "Role": {
          "Fn::GetAtt": [
            "CustomAWSCDKOpenIdConnectProviderCustomResourceProviderRole517FED65",
            "Arn"
          ]
        },
        "Runtime": "nodejs12.x"
      },
      "DependsOn": [
        "CustomAWSCDKOpenIdConnectProviderCustomResourceProviderRole517FED65"
      ]
    },
    "Clients67031123": {
      "Type": "Custom::AWSCDKOpenIdConnectProvider",
      "Properties": {
        "ServiceToken": {
          "Fn::GetAtt": [
            "CustomAWSCDKOpenIdConnectProviderCustomResourceProviderHandlerF2C543E0",
            "Arn"
          ]
        },
        "ClientIDList": [
          "foo",
          "bar"
        ],
        "Url": "https://oidc.eks.us-east-1.amazonaws.com/id/test3"
      },
      "UpdateReplacePolicy": "Delete",
      "DeletionPolicy": "Delete"
    },
    "Thumbprints9CD6AB02": {
      "Type": "Custom::AWSCDKOpenIdConnectProvider",
      "Properties": {
        "ServiceToken": {
          "Fn::GetAtt": [
            "CustomAWSCDKOpenIdConnectProviderCustomResourceProviderHandlerF2C543E0",
            "Arn"
          ]
        },
        "ThumbprintList": [
          "aa00aa1122aa00aa1122aa00aa1122aa00aa1122",
          "aa00aa1122aa00aa1122aa00aa1122aa00aa1111"
        ],
        "Url": "https://oidc.eks.us-east-1.amazonaws.com/id/test4"
      },
      "UpdateReplacePolicy": "Delete",
      "DeletionPolicy": "Delete"
    }
  }
}