{
  "Parameters": {
    "PrincipalTag": {
      "Type": "String",
      "Default": "developer"
    }
  },
  "Resources": {
    "PrincipalTagCondition94CCB594": {
      "Type": "Custom::AWSCDKCfnJson",
      "Properties": {
        "ServiceToken": {
          "Fn::GetAtt": [
            "AWSCDKCfnUtilsProviderCustomResourceProviderHandlerCF82AA57",
            "Arn"
          ]
        },
        "Value": {
          "Fn::Join": [
            "",
            [
              "{\"aws:PrincipalTag/",
              {
                "Ref": "PrincipalTag"
              },
              "\":\"true\"}"
            ]
          ]
        }
      },
      "UpdateReplacePolicy": "Delete",
      "DeletionPolicy": "Delete"
    },
    "AWSCDKCfnUtilsProviderCustomResourceProviderRoleFE0EE867": {
      "Type": "AWS::IAM::Role",
      "Properties": {
        "AssumeRolePolicyDocument": {
          "Version": "2012-10-17",
          "Statement": [
            {
              "Action": "sts:AssumeRole",
              "Effect": "Allow",
              "Principal": {
                "Service": "lambda.amazonaws.com"
              }
            }
          ]
        },
        "ManagedPolicyArns": [
          {
            "Fn::Sub": "arn:${AWS::Partition}:iam::aws:policy/service-role/AWSLambdaBasicExecutionRole"
          }
        ]
      }
    },
    "AWSCDKCfnUtilsProviderCustomResourceProviderHandlerCF82AA57": {
      "Type": "AWS::Lambda::Function",
      "Properties": {
        "Code": {
          "S3Bucket": {
            "Fn::Sub": "cdk-hnb659fds-assets-${AWS::AccountId}-${AWS::Region}"
          },
          "S3Key": "6afd8be511f58dbedd46c8a09c07db8b7340d99fd3527b6d3dfb729208060fc3.zip"
        },
        "Timeout": 900,
        "MemorySize": 128,
        "Handler": "__entrypoint__.handler",
        "Role": {
          "Fn::GetAtt": [
            "AWSCDKCfnUtilsProviderCustomResourceProviderRoleFE0EE867",
            "Arn"
          ]
        },
        "Runtime": "nodejs12.x"
      },
      "DependsOn": [
        "AWSCDKCfnUtilsProviderCustomResourceProviderRoleFE0EE867"
      ]
    },
    "MyRoleF48FFE04": {
      "Type": "AWS::IAM::Role",
      "Properties": {
        "AssumeRolePolicyDocument": {
          "Statement": [
            {
              "Action": "sts:AssumeRole",
              "Condition": {
                "StringEquals": {
                  "Fn::GetAtt": [
                    "PrincipalTagCondition94CCB594",
                    "Value"
                  ]
                }
              },
              "Effect": "Allow",
              "Principal": {
                "AWS": {
                  "Fn::Join": [
                    "",
                    [
                      "arn:",
                      {
                        "Ref": "AWS::Partition"
                      },
                      ":iam::",
                      {
                        "Ref": "AWS::AccountId"
                      },
                      ":root"
                    ]
                  ]
                }
              }
            }
          ],
          "Version": "2012-10-17"
        }
      }
    }
  }
}