{
  "Resources": {
    "Nested1NestedStackNested1NestedStackResourceCD0AD36B": {
      "Type": "AWS::CloudFormation::Stack",
      "Properties": {
        "TemplateURL": {
          "Fn::Join": [
            "",
            [
              "https://s3.",
              {
                "Ref": "AWS::Region"
              },
              ".",
              {
                "Ref": "AWS::URLSuffix"
              },
              "/",
              {
                "Fn::Sub": "cdk-hnb659fds-assets-${AWS::AccountId}-${AWS::Region}"
              },
              "/008e281fb3039601b8fbef60e255afe78cb00a09611d1aa7342f56328aef7d9a.json"
            ]
          ]
        }
      },
      "UpdateReplacePolicy": "Delete",
      "DeletionPolicy": "Delete"
    },
    "Nested2NestedStackNested2NestedStackResource877A1112": {
      "Type": "AWS::CloudFormation::Stack",
      "Properties": {
        "TemplateURL": {
          "Fn::Join": [
            "",
            [
              "https://s3.",
              {
                "Ref": "AWS::Region"
              },
              ".",
              {
                "Ref": "AWS::URLSuffix"
              },
              "/",
              {
                "Fn::Sub": "cdk-hnb659fds-assets-${AWS::AccountId}-${AWS::Region}"
              },
              "/2e7ce09a9e0721d268d734287b72d071ed542a05451e3b53dfcb5ae4e76cc583.json"
            ]
          ]
        },
        "Parameters": {
          "referencetonestedstacksrefs3siblingsNested1NestedStackNested1NestedStackResourceE58B6825Outputsnestedstacksrefs3siblingsNested1MyTopic12458558TopicName": {
            "Fn::GetAtt": [
              "Nested1NestedStackNested1NestedStackResourceCD0AD36B",
              "Outputs.nestedstacksrefs3siblingsNested1MyTopic12458558TopicName"
            ]
          }
        }
      },
      "UpdateReplacePolicy": "Delete",
      "DeletionPolicy": "Delete"
    }
  }
}