{
  "Resources": {
    "SubscriberQueueC193DC66": {
      "Type": "AWS::SQS::Queue",
      "UpdateReplacePolicy": "Delete",
      "DeletionPolicy": "Delete"
    },
    "SubscriberQueuePolicy25A0799E": {
      "Type": "AWS::SQS::QueuePolicy",
      "Properties": {
        "PolicyDocument": {
          "Statement": [
            {
              "Action": "sqs:SendMessage",
              "Condition": {
                "ArnEquals": {
                  "aws:SourceArn": {
                    "Fn::GetAtt": [
                      "NestedStack1NestedStackNestedStack1NestedStackResource7E64AD52",
                      "Outputs.nestedstackstestNestedStack1topic02C2D1254Ref"
                    ]
                  }
                }
              },
              "Effect": "Allow",
              "Principal": {
                "Service": "sns.amazonaws.com"
              },
              "Resource": {
                "Fn::GetAtt": [
                  "SubscriberQueueC193DC66",
                  "Arn"
                ]
              }
            },
            {
              "Action": "sqs:SendMessage",
              "Condition": {
                "ArnEquals": {
                  "aws:SourceArn": {
                    "Fn::GetAtt": [
                      "NestedStack1NestedStackNestedStack1NestedStackResource7E64AD52",
                      "Outputs.nestedstackstestNestedStack1topic1474E5389Ref"
                    ]
                  }
                }
              },
              "Effect": "Allow",
              "Principal": {
                "Service": "sns.amazonaws.com"
              },
              "Resource": {
                "Fn::GetAtt": [
                  "SubscriberQueueC193DC66",
                  "Arn"
                ]
              }
            },
            {
              "Action": "sqs:SendMessage",
              "Condition": {
                "ArnEquals": {
                  "aws:SourceArn": {
                    "Fn::GetAtt": [
                      "NestedStack1NestedStackNestedStack1NestedStackResource7E64AD52",
                      "Outputs.nestedstackstestNestedStack1topic22C710DC4Ref"
                    ]
                  }
                }
              },
              "Effect": "Allow",
              "Principal": {
                "Service": "sns.amazonaws.com"
              },
              "Resource": {
                "Fn::GetAtt": [
                  "SubscriberQueueC193DC66",
                  "Arn"
                ]
              }
            }
          ],
          "Version": "2012-10-17"
        },
        "Queues": [
          {
            "Ref": "SubscriberQueueC193DC66"
          }
        ]
      }
    },
    "SubscriberQueuenestedstackstestNestedStack1topic089C5EB1396F65087": {
      "Type": "AWS::SNS::Subscription",
      "Properties": {
        "Protocol": "sqs",
        "TopicArn": {
          "Fn::GetAtt": [
            "NestedStack1NestedStackNestedStack1NestedStackResource7E64AD52",
            "Outputs.nestedstackstestNestedStack1topic02C2D1254Ref"
          ]
        },
        "Endpoint": {
          "Fn::GetAtt": [
            "SubscriberQueueC193DC66",
            "Arn"
          ]
        }
      }
    },
    "SubscriberQueuenestedstackstestNestedStack1topic1150E1A929A2C267E": {
      "Type": "AWS::SNS::Subscription",
      "Properties": {
        "Protocol": "sqs",
        "TopicArn": {
          "Fn::GetAtt": [
            "NestedStack1NestedStackNestedStack1NestedStackResource7E64AD52",
            "Outputs.nestedstackstestNestedStack1topic1474E5389Ref"
          ]
        },
        "Endpoint": {
          "Fn::GetAtt": [
            "SubscriberQueueC193DC66",
            "Arn"
          ]
        }
      }
    },
    "SubscriberQueuenestedstackstestNestedStack1topic209B8719858511914": {
      "Type": "AWS::SNS::Subscription",
      "Properties": {
        "Protocol": "sqs",
        "TopicArn": {
          "Fn::GetAtt": [
            "NestedStack1NestedStackNestedStack1NestedStackResource7E64AD52",
            "Outputs.nestedstackstestNestedStack1topic22C710DC4Ref"
          ]
        },
        "Endpoint": {
          "Fn::GetAtt": [
            "SubscriberQueueC193DC66",
            "Arn"
          ]
        }
      }
    },
    "NestedStack1NestedStackNestedStack1NestedStackResource7E64AD52": {
      "Type": "AWS::CloudFormation::Stack",
      "Properties": {
        "TemplateURL": {
          "Fn::Join": [
            "",
            [
              "https://s3.",
              {
                "Ref": "AWS::Region"
              },
              ".",
              {
                "Ref": "AWS::URLSuffix"
              },
              "/",
              {
                "Fn::Sub": "cdk-hnb659fds-assets-${AWS::AccountId}-${AWS::Region}"
              },
              "/91169429f2b5b85501c7b1b9d7beeb80c9bb6f4891f4e600fcaf65a8817ce0f4.json"
            ]
          ]
        },
        "Parameters": {
          "TopicNamePrefix": "Prefix1",
          "referencetonestedstackstestSubscriberQueue39409787Ref": {
            "Ref": "SubscriberQueueC193DC66"
          }
        }
      },
      "UpdateReplacePolicy": "Delete",
      "DeletionPolicy": "Delete"
    },
    "NestedStack2NestedStackNestedStack2NestedStackResourceFDF82E43": {
      "Type": "AWS::CloudFormation::Stack",
      "Properties": {
        "TemplateURL": {
          "Fn::Join": [
            "",
            [
              "https://s3.",
              {
                "Ref": "AWS::Region"
              },
              ".",
              {
                "Ref": "AWS::URLSuffix"
              },
              "/",
              {
                "Fn::Sub": "cdk-hnb659fds-assets-${AWS::AccountId}-${AWS::Region}"
              },
              "/0d0404717d8867c09534f2cf382e8e24531ff64a968afa2efd7f071ad65a22df.json"
            ]
          ]
        },
        "Parameters": {
          "TopicNamePrefix": "Prefix2"
        }
      },
      "UpdateReplacePolicy": "Delete",
      "DeletionPolicy": "Delete"
    }
  }
}