[
  {
    "Resources": {
      "MyTopic86869434": {
        "Type": "AWS::SNS::Topic"
      }
    },
    "Outputs": {
      "ExportsOutputFnGetAttMyTopic86869434TopicNameFCC96FA2": {
        "Value": {
          "Fn::GetAtt": [
            "MyTopic86869434",
            "TopicName"
          ]
        },
        "Export": {
          "Name": "nest-stacks-refs1-producer:ExportsOutputFnGetAttMyTopic86869434TopicNameFCC96FA2"
        }
      }
    }
  },
  {
    "Resources": {
      "Nested1NestedStackNested1NestedStackResourceCD0AD36B": {
        "Type": "AWS::CloudFormation::Stack",
        "Properties": {
          "TemplateURL": {
            "Fn::Join": [
              "",
              [
                "https://s3.",
                {
                  "Ref": "AWS::Region"
                },
                ".",
                {
                  "Ref": "AWS::URLSuffix"
                },
                "/",
                {
                  "Fn::Sub": "cdk-hnb659fds-assets-${AWS::AccountId}-${AWS::Region}"
                },
                "/f780d24543a81dc89296e718fbad166c6cc0223026f7a142a0ad9cb21de3ac46.json"
              ]
            ]
          }
        },
        "UpdateReplacePolicy": "Delete",
        "DeletionPolicy": "Delete"
      }
    }
  }
]