{
  "Resources": {
    "CustomReflectCustomResourceProviderRoleB4B29AEC": {
      "Type": "AWS::IAM::Role",
      "Properties": {
        "AssumeRolePolicyDocument": {
          "Version": "2012-10-17",
          "Statement": [
            {
              "Action": "sts:AssumeRole",
              "Effect": "Allow",
              "Principal": {
                "Service": "lambda.amazonaws.com"
              }
            }
          ]
        },
        "ManagedPolicyArns": [
          {
            "Fn::Sub": "arn:${AWS::Partition}:iam::aws:policy/service-role/AWSLambdaBasicExecutionRole"
          }
        ]
      }
    },
    "CustomReflectCustomResourceProviderHandler2E189D0B": {
      "Type": "AWS::Lambda::Function",
      "Properties": {
        "Code": {
          "S3Bucket": {
            "Fn::Sub": "cdk-hnb659fds-assets-${AWS::AccountId}-${AWS::Region}"
          },
          "S3Key": "a9bcec1a80862b1651d283af31493ae401294a90f1588f444999287348eede2d.zip"
        },
        "Timeout": 900,
        "MemorySize": 128,
        "Handler": "__entrypoint__.handler",
        "Role": {
          "Fn::GetAtt": [
            "CustomReflectCustomResourceProviderRoleB4B29AEC",
            "Arn"
          ]
        },
        "Runtime": "nodejs12.x",
        "Description": "veni vidi vici"
      },
      "DependsOn": [
        "CustomReflectCustomResourceProviderRoleB4B29AEC"
      ]
    },
    "MyResource": {
      "Type": "Custom::Reflect",
      "Properties": {
        "ServiceToken": {
          "Fn::GetAtt": [
            "CustomReflectCustomResourceProviderHandler2E189D0B",
            "Arn"
          ]
        },
        "physicalResourceId": "MyPhysicalReflectBack",
        "attributes": {
          "Attribute1": "foo",
          "Attribute2": 1234
        }
      },
      "UpdateReplacePolicy": "Delete",
      "DeletionPolicy": "Delete"
    }
  },
  "Outputs": {
    "Ref": {
      "Value": {
        "Ref": "MyResource"
      }
    },
    "GetAttAttribute1": {
      "Value": {
        "Fn::GetAtt": [
          "MyResource",
          "Attribute1"
        ]
      }
    },
    "GetAttAttribute2": {
      "Value": {
        "Fn::GetAtt": [
          "MyResource",
          "Attribute2"
        ]
      }
    }
  }
}