{
  "Resources": {
    "NestedNestedStackNestedNestedStackResourceDEFDAA4D": {
      "Type": "AWS::CloudFormation::Stack",
      "Properties": {
        "TemplateURL": {
          "Fn::Join": [
            "",
            [
              "https://s3.",
              {
                "Ref": "AWS::Region"
              },
              ".",
              {
                "Ref": "AWS::URLSuffix"
              },
              "/",
              {
                "Fn::Sub": "cdk-hnb659fds-assets-${AWS::AccountId}-${AWS::Region}"
              },
              "/d818ebc929d7bdec52b4da7d1b994fe8b1e1c8d2223a89c964f36b7c84d4738a.json"
            ]
          ]
        }
      },
      "UpdateReplacePolicy": "Delete",
      "DeletionPolicy": "Delete"
    }
  }
}