[
  {
    "Resources": {
      "Nested1NestedStackNested1NestedStackResourceCD0AD36B": {
        "Type": "AWS::CloudFormation::Stack",
        "Properties": {
          "TemplateURL": {
            "Fn::Join": [
              "",
              [
                "https://s3.",
                {
                  "Ref": "AWS::Region"
                },
                ".",
                {
                  "Ref": "AWS::URLSuffix"
                },
                "/",
                {
                  "Fn::Sub": "cdk-hnb659fds-assets-${AWS::AccountId}-${AWS::Region}"
                },
                "/89ace718d1ec985253be4d688a4632c5f15e28247cedbf99a756c83096315883.json"
              ]
            ]
          }
        },
        "UpdateReplacePolicy": "Delete",
        "DeletionPolicy": "Delete"
      }
    },
    "Outputs": {
      "ExportsOutputFnGetAttNested1NestedStackNested1NestedStackResourceCD0AD36BOutputsnestedstacksrefs2parentwithproducerNested1MyTopic9E26C363TopicNameF4BCEDAF": {
        "Value": {
          "Fn::GetAtt": [
            "Nested1NestedStackNested1NestedStackResourceCD0AD36B",
            "Outputs.nestedstacksrefs2parentwithproducerNested1MyTopic9E26C363TopicName"
          ]
        },
        "Export": {
          "Name": "nested-stacks-refs2-parent-with-producer:ExportsOutputFnGetAttNested1NestedStackNested1NestedStackResourceCD0AD36BOutputsnestedstacksrefs2parentwithproducerNested1MyTopic9E26C363TopicNameF4BCEDAF"
        }
      }
    }
  },
  {
    "Resources": {
      "ConsumerTopic6F402371": {
        "Type": "AWS::SNS::Topic",
        "Properties": {
          "DisplayName": {
            "Fn::Join": [
              "",
              [
                "Consuming ",
                {
                  "Fn::Select": [
                    2,
                    {
                      "Fn::Split": [
                        "-",
                        {
                          "Fn::ImportValue": "nested-stacks-refs2-parent-with-producer:ExportsOutputFnGetAttNested1NestedStackNested1NestedStackResourceCD0AD36BOutputsnestedstacksrefs2parentwithproducerNested1MyTopic9E26C363TopicNameF4BCEDAF"
                        }
                      ]
                    }
                  ]
                }
              ]
            ]
          }
        }
      }
    }
  }
]