[
  {
    "Resources": {
      "NestedUnderStack1NestedStackNestedUnderStack1NestedStackResourceF616305B": {
        "Type": "AWS::CloudFormation::Stack",
        "Properties": {
          "TemplateURL": {
            "Fn::Join": [
              "",
              [
                "https://s3.",
                {
                  "Ref": "AWS::Region"
                },
                ".",
                {
                  "Ref": "AWS::URLSuffix"
                },
                "/",
                {
                  "Fn::Sub": "cdk-hnb659fds-assets-${AWS::AccountId}-${AWS::Region}"
                },
                "/5bbe5621d9656843b414db3e449d8c562b0b27bb293ef6999180dc5198c70219.json"
              ]
            ]
          }
        },
        "UpdateReplacePolicy": "Delete",
        "DeletionPolicy": "Delete"
      }
    },
    "Outputs": {
      "ExportsOutputFnGetAttNestedUnderStack1NestedStackNestedUnderStack1NestedStackResourceF616305BOutputsStack1NestedUnderStack1TopicInNestedUnderStack136BDF841TopicNameD753D416": {
        "Value": {
          "Fn::GetAtt": [
            "NestedUnderStack1NestedStackNestedUnderStack1NestedStackResourceF616305B",
            "Outputs.Stack1NestedUnderStack1TopicInNestedUnderStack136BDF841TopicName"
          ]
        },
        "Export": {
          "Name": "Stack1:ExportsOutputFnGetAttNestedUnderStack1NestedStackNestedUnderStack1NestedStackResourceF616305BOutputsStack1NestedUnderStack1TopicInNestedUnderStack136BDF841TopicNameD753D416"
        }
      }
    }
  },
  {
    "Resources": {
      "TopicInStack27FD9238C": {
        "Type": "AWS::SNS::Topic",
        "Properties": {
          "DisplayName": {
            "Fn::Select": [
              1,
              {
                "Fn::Split": [
                  "-",
                  {
                    "Fn::ImportValue": "Stack1:ExportsOutputFnGetAttNestedUnderStack1NestedStackNestedUnderStack1NestedStackResourceF616305BOutputsStack1NestedUnderStack1TopicInNestedUnderStack136BDF841TopicNameD753D416"
                  }
                ]
              }
            ]
          }
        }
      }
    }
  }
]