{
  "Resources": {
    "externalServiceRole85A00A90": {
      "Type": "AWS::IAM::Role",
      "Properties": {
        "AssumeRolePolicyDocument": {
          "Statement": [
            {
              "Action": "sts:AssumeRole",
              "Effect": "Allow",
              "Principal": {
                "Service": "lambda.amazonaws.com"
              }
            }
          ],
          "Version": "2012-10-17"
        },
        "ManagedPolicyArns": [
          {
            "Fn::Join": [
              "",
              [
                "arn:",
                {
                  "Ref": "AWS::Partition"
                },
                ":iam::aws:policy/service-role/AWSLambdaBasicExecutionRole"
              ]
            ]
          }
        ]
      }
    },
    "external068F12D1": {
      "Type": "AWS::Lambda::Function",
      "Properties": {
        "Code": {
          "S3Bucket": {
            "Fn::Sub": "cdk-hnb659fds-assets-${AWS::AccountId}-${AWS::Region}"
          },
          "S3Key": "dae1335c4f03729b7e38aa1b41aabd96013545170556abde60888a4dcbee9652.zip"
        },
        "Role": {
          "Fn::GetAtt": [
            "externalServiceRole85A00A90",
            "Arn"
          ]
        },
        "Environment": {
          "Variables": {
            "AWS_NODEJS_CONNECTION_REUSE_ENABLED": "1"
          }
        },
        "Handler": "index.handler",
        "Runtime": "nodejs12.x"
      },
      "DependsOn": [
        "externalServiceRole85A00A90"
      ]
    }
  }
}