{
  "Resources": {
    "MyLambdaServiceRole4539ECB6": {
      "Type": "AWS::IAM::Role",
      "Properties": {
        "AssumeRolePolicyDocument": {
          "Statement": [
            {
              "Action": "sts:AssumeRole",
              "Effect": "Allow",
              "Principal": {
                "Service": "lambda.amazonaws.com"
              }
            }
          ],
          "Version": "2012-10-17"
        },
        "ManagedPolicyArns": [
          {
            "Fn::Join": [
              "",
              [
                "arn:",
                {
                  "Ref": "AWS::Partition"
                },
                ":iam::aws:policy/service-role/AWSLambdaBasicExecutionRole"
              ]
            ]
          }
        ]
      }
    },
    "MyLambdaCCE802FB": {
      "Type": "AWS::Lambda::Function",
      "Properties": {
        "Code": {
          "S3Bucket": {
            "Fn::Sub": "cdk-hnb659fds-assets-${AWS::AccountId}-${AWS::Region}"
          },
          "S3Key": "8811a2632ac5564a08fd269e159298f7e497f259578b0dc5e927a1f48ab24d34.zip"
        },
        "Role": {
          "Fn::GetAtt": [
            "MyLambdaServiceRole4539ECB6",
            "Arn"
          ]
        },
        "Handler": "index.main",
        "Runtime": "python3.8"
      },
      "DependsOn": [
        "MyLambdaServiceRole4539ECB6"
      ]
    },
    "MyLambdaCurrentVersionE7A382CC047311ab31e7eb48d7bf210948a51c8f": {
      "Type": "AWS::Lambda::Version",
      "Properties": {
        "FunctionName": {
          "Ref": "MyLambdaCCE802FB"
        }
      },
      "UpdateReplacePolicy": "Retain",
      "DeletionPolicy": "Retain"
    },
    "MyLambdaCurrentVersionEventInvokeConfigD120DC68": {
      "Type": "AWS::Lambda::EventInvokeConfig",
      "Properties": {
        "FunctionName": {
          "Ref": "MyLambdaCCE802FB"
        },
        "Qualifier": {
          "Fn::GetAtt": [
            "MyLambdaCurrentVersionE7A382CC047311ab31e7eb48d7bf210948a51c8f",
            "Version"
          ]
        },
        "MaximumRetryAttempts": 1
      }
    },
    "MyLambdaCurrentVersionAliaslive9151E913": {
      "Type": "AWS::Lambda::Alias",
      "Properties": {
        "FunctionName": {
          "Ref": "MyLambdaCCE802FB"
        },
        "FunctionVersion": {
          "Fn::GetAtt": [
            "MyLambdaCurrentVersionE7A382CC047311ab31e7eb48d7bf210948a51c8f",
            "Version"
          ]
        },
        "Name": "live"
      }
    }
  }
}