{
  "Resources": {
    "MyLayer38944FA5": {
      "Type": "AWS::Lambda::LayerVersion",
      "Properties": {
        "Content": {
          "S3Bucket": {
            "Fn::Sub": "cdk-hnb659fds-assets-${AWS::AccountId}-${AWS::Region}"
          },
          "S3Key": "8811a2632ac5564a08fd269e159298f7e497f259578b0dc5e927a1f48ab24d34.zip"
        },
        "CompatibleRuntimes": [
          "nodejs10.x"
        ],
        "Description": "A layer to test the L2 construct",
        "LicenseInfo": "Apache-2.0"
      }
    },
    "MyLayerremoteaccountgrant715E5D21": {
      "Type": "AWS::Lambda::LayerVersionPermission",
      "Properties": {
        "Action": "lambda:GetLayerVersion",
        "LayerVersionArn": {
          "Ref": "MyLayer38944FA5"
        },
        "Principal": {
          "Ref": "AWS::AccountId"
        }
      }
    },
    "MyLayeredLambdaServiceRole1A7DC118": {
      "Type": "AWS::IAM::Role",
      "Properties": {
        "AssumeRolePolicyDocument": {
          "Statement": [
            {
              "Action": "sts:AssumeRole",
              "Effect": "Allow",
              "Principal": {
                "Service": "lambda.amazonaws.com"
              }
            }
          ],
          "Version": "2012-10-17"
        },
        "ManagedPolicyArns": [
          {
            "Fn::Join": [
              "",
              [
                "arn:",
                {
                  "Ref": "AWS::Partition"
                },
                ":iam::aws:policy/service-role/AWSLambdaBasicExecutionRole"
              ]
            ]
          }
        ]
      }
    },
    "MyLayeredLambda9A3008D1": {
      "Type": "AWS::Lambda::Function",
      "Properties": {
        "Code": {
          "ZipFile": "foo"
        },
        "Role": {
          "Fn::GetAtt": [
            "MyLayeredLambdaServiceRole1A7DC118",
            "Arn"
          ]
        },
        "Handler": "index.handler",
        "Layers": [
          {
            "Ref": "MyLayer38944FA5"
          }
        ],
        "Runtime": "nodejs10.x"
      },
      "DependsOn": [
        "MyLayeredLambdaServiceRole1A7DC118"
      ]
    }
  }
}